// Jest Snapshot v1, https://goo.gl/fbAQLP

exports[`<ChatMenu /> renders correctly 1`] = `
<button
  aria-haspopup="true"
  aria-label="More"
  aria-owns={null}
  className="MuiButtonBase-root-26 MuiButtonBase-disabled-27 MuiIconButton-root-20 MuiIconButton-colorInherit-21 MuiIconButton-disabled-24"
  disabled={true}
  onBlur={[Function]}
  onClick={[Function]}
  onFocus={[Function]}
  onKeyDown={[Function]}
  onKeyUp={[Function]}
  onMouseDown={[Function]}
  onMouseLeave={[Function]}
  onMouseUp={[Function]}
  onTouchEnd={[Function]}
  onTouchMove={[Function]}
  onTouchStart={[Function]}
  tabIndex="-1"
  type="button"
>
  <span
    className="MuiIconButton-label-25"
  >
    <svg
      aria-hidden="true"
      className="MuiSvgIcon-root-29"
      color={undefined}
      focusable="false"
      viewBox="0 0 24 24"
    >
      <g>
        <path
          d="M12 8c1.1 0 2-.9 2-2s-.9-2-2-2-2 .9-2 2 .9 2 2 2zm0 2c-1.1 0-2 .9-2 2s.9 2 2 2 2-.9 2-2-.9-2-2-2zm0 6c-1.1 0-2 .9-2 2s.9 2 2 2 2-.9 2-2-.9-2-2-2z"
        />
      </g>
    </svg>
  </span>
</button>
`;
