// Jest Snapshot v1, https://goo.gl/fbAQLP

exports[`<ChatMenu /> renders correctly 1`] = `
<button
  aria-haspopup="true"
  aria-label="More"
  aria-owns={null}
  className="MuiButtonBase-root-29 MuiButtonBase-disabled-30 MuiIconButton-root-23 MuiIconButton-colorInherit-24 MuiIconButton-disabled-27"
  disabled={true}
  onBlur={[Function]}
  onClick={[Function]}
  onContextMenu={[Function]}
  onFocus={[Function]}
  onKeyDown={[Function]}
  onKeyUp={[Function]}
  onMouseDown={[Function]}
  onMouseLeave={[Function]}
  onMouseUp={[Function]}
  onTouchEnd={[Function]}
  onTouchMove={[Function]}
  onTouchStart={[Function]}
  tabIndex="-1"
  type="button"
>
  <span
    className="MuiIconButton-label-28"
  >
    <svg
      aria-hidden="true"
      className="MuiSvgIcon-root-32"
      focusable="false"
      role="presentation"
      viewBox="0 0 24 24"
    >
      <path
        d="M0 0h24v24H0z"
        fill="none"
      />
      <path
        d="M12 8c1.1 0 2-.9 2-2s-.9-2-2-2-2 .9-2 2 .9 2 2 2zm0 2c-1.1 0-2 .9-2 2s.9 2 2 2 2-.9 2-2-.9-2-2-2zm0 6c-1.1 0-2 .9-2 2s.9 2 2 2 2-.9 2-2-.9-2-2-2z"
      />
    </svg>
  </span>
</button>
`;
