// Jest Snapshot v1, https://goo.gl/fbAQLP

exports[`<Chat /> renders correctly  1`] = `
<main
  className="Chat-content-33"
>
  ChatMessageList
  <div
    className="Chat-messageInputWrapper-35"
  >
    <div
      className="MuiPaper-root-38 MuiPaper-shadow6-46 MuiPaper-rounded-39 Chat-messageInput-36"
    >
      MessageInput
    </div>
  </div>
</main>
`;
