// Jest Snapshot v1, https://goo.gl/fbAQLP

exports[`<InfoPaper /> renders correctly 1`] = `
<div
  className="MuiPaper-root-65 MuiPaper-elevation2-69 MuiPaper-rounded-66 InfoPaper-paper-64"
>
  <h4
    className="MuiTypography-root-92 MuiTypography-h4-107 MuiTypography-gutterBottom-119"
  >
    Start messaging…
  </h4>
  <p
    className="MuiTypography-root-92 MuiTypography-body1-101 MuiTypography-gutterBottom-119"
  >
    Use
     
    <strong>
      Global
    </strong>
     
    to explore communities around here.
  </p>
  <p
    className="MuiTypography-root-92 MuiTypography-body1-101 MuiTypography-gutterBottom-119"
  >
    Use
     
    <strong>
      Recents
    </strong>
     
    to see your recent conversations.
  </p>
</div>
`;
