// Jest Snapshot v1, https://goo.gl/fbAQLP

exports[`<LoginForm /> renders correctly 1`] = `
<form
  className="LoginForm-container-91"
  onSubmit={[Function]}
>
  <div
    className="MuiFormControl-root-93 MuiFormControl-marginNormal-94 MuiFormControl-fullWidth-96"
    username=""
  >
    <label
      className="MuiFormLabel-root-108 MuiFormLabel-required-113 MuiInputLabel-required-101 MuiInputLabel-root-97 MuiInputLabel-formControl-102 MuiInputLabel-animated-105"
      data-shrink={false}
    >
      Username
      <span
        className="MuiFormLabel-asterisk-114"
      >
         *
      </span>
    </label>
    <div
      className="MuiInputBase-root-128 MuiInput-root-115 MuiInput-underline-119 MuiInputBase-fullWidth-137 MuiInput-fullWidth-122 MuiInputBase-formControl-129 MuiInput-formControl-116"
      onClick={[Function]}
    >
      <input
        aria-invalid={false}
        className="MuiInputBase-input-138 MuiInput-input-123"
        disabled={false}
        name="username"
        onBlur={[Function]}
        onChange={[Function]}
        onFocus={[Function]}
        placeholder="Type your username ..."
        required={true}
        type="text"
      />
    </div>
  </div>
  <div
    className="MuiFormControl-root-93 MuiFormControl-marginNormal-94 MuiFormControl-fullWidth-96"
    username=""
  >
    <label
      className="MuiFormLabel-root-108 MuiFormLabel-required-113 MuiInputLabel-required-101 MuiInputLabel-root-97 MuiInputLabel-formControl-102 MuiInputLabel-animated-105"
      data-shrink={false}
    >
      Password
      <span
        className="MuiFormLabel-asterisk-114"
      >
         *
      </span>
    </label>
    <div
      className="MuiInputBase-root-128 MuiInput-root-115 MuiInput-underline-119 MuiInputBase-fullWidth-137 MuiInput-fullWidth-122 MuiInputBase-formControl-129 MuiInput-formControl-116"
      onClick={[Function]}
    >
      <input
        aria-invalid={false}
        className="MuiInputBase-input-138 MuiInput-input-123 MuiInputBase-inputType-141 MuiInput-inputType-126"
        disabled={false}
        name="password"
        onBlur={[Function]}
        onChange={[Function]}
        onFocus={[Function]}
        placeholder="Type your password ..."
        required={true}
        type="password"
      />
    </div>
  </div>
  <button
    className="MuiButtonBase-root-171 MuiButton-root-145 MuiButton-contained-156 MuiButton-containedPrimary-157 MuiButton-raised-159 MuiButton-raisedPrimary-160 LoginForm-button-92"
    disabled={false}
    onBlur={[Function]}
    onContextMenu={[Function]}
    onFocus={[Function]}
    onKeyDown={[Function]}
    onKeyUp={[Function]}
    onMouseDown={[Function]}
    onMouseLeave={[Function]}
    onMouseUp={[Function]}
    onTouchEnd={[Function]}
    onTouchMove={[Function]}
    onTouchStart={[Function]}
    tabIndex="0"
    type="submit"
  >
    <span
      className="MuiButton-label-146"
    >
      Login
    </span>
    <span
      className="MuiTouchRipple-root-174"
    />
  </button>
</form>
`;
