// Jest Snapshot v1, https://goo.gl/fbAQLP

exports[`<LoginForm /> renders correctly 1`] = `
<form
  className="LoginForm-container-87"
  onSubmit={[Function]}
>
  <div
    className="MuiFormControl-root-89 MuiFormControl-marginNormal-90 MuiFormControl-fullWidth-92"
    username=""
  >
    <label
      className="MuiFormLabel-root-100 MuiFormLabel-required-105 MuiInputLabel-root-93 MuiInputLabel-formControl-94 MuiInputLabel-animated-97"
      data-shrink={false}
    >
      Username
      <span
        className="MuiFormLabel-asterisk-106"
      >
         *
      </span>
    </label>
    <div
      className="MuiInputBase-root-120 MuiInput-root-107 MuiInput-underline-111 MuiInputBase-fullWidth-129 MuiInput-fullWidth-114 MuiInputBase-formControl-121 MuiInput-formControl-108"
      onClick={[Function]}
    >
      <input
        aria-invalid={false}
        className="MuiInputBase-input-130 MuiInput-input-115"
        disabled={false}
        name="username"
        onBlur={[Function]}
        onChange={[Function]}
        onFocus={[Function]}
        placeholder="Type your username ..."
        required={true}
        type="text"
      />
    </div>
  </div>
  <div
    className="MuiFormControl-root-89 MuiFormControl-marginNormal-90 MuiFormControl-fullWidth-92"
    username=""
  >
    <label
      className="MuiFormLabel-root-100 MuiFormLabel-required-105 MuiInputLabel-root-93 MuiInputLabel-formControl-94 MuiInputLabel-animated-97"
      data-shrink={false}
    >
      Password
      <span
        className="MuiFormLabel-asterisk-106"
      >
         *
      </span>
    </label>
    <div
      className="MuiInputBase-root-120 MuiInput-root-107 MuiInput-underline-111 MuiInputBase-fullWidth-129 MuiInput-fullWidth-114 MuiInputBase-formControl-121 MuiInput-formControl-108"
      onClick={[Function]}
    >
      <input
        aria-invalid={false}
        className="MuiInputBase-input-130 MuiInput-input-115 MuiInputBase-inputType-133 MuiInput-inputType-118"
        disabled={false}
        name="password"
        onBlur={[Function]}
        onChange={[Function]}
        onFocus={[Function]}
        placeholder="Type your password ..."
        required={true}
        type="password"
      />
    </div>
  </div>
  <button
    className="MuiButtonBase-root-163 MuiButton-root-137 MuiButton-contained-148 MuiButton-containedPrimary-149 MuiButton-raised-151 MuiButton-raisedPrimary-152 LoginForm-button-88"
    disabled={false}
    onBlur={[Function]}
    onFocus={[Function]}
    onKeyDown={[Function]}
    onKeyUp={[Function]}
    onMouseDown={[Function]}
    onMouseLeave={[Function]}
    onMouseUp={[Function]}
    onTouchEnd={[Function]}
    onTouchMove={[Function]}
    onTouchStart={[Function]}
    tabIndex="0"
    type="submit"
  >
    <span
      className="MuiButton-label-138"
    >
      Login
    </span>
    <span
      className="MuiTouchRipple-root-166"
    />
  </button>
</form>
`;
