// Jest Snapshot v1, https://goo.gl/fbAQLP

exports[`<ProgressBar /> renders correctly 1`] = `
<div
  className="MuiLinearProgress-root-17 MuiLinearProgress-colorSecondary-19 MuiLinearProgress-query-21"
  role="progressbar"
>
  <div
    className="MuiLinearProgress-bar-25 MuiLinearProgress-barColorSecondary-27 MuiLinearProgress-bar1Indeterminate-28"
    style={Object {}}
  />
  <div
    className="MuiLinearProgress-bar-25 MuiLinearProgress-barColorSecondary-27 MuiLinearProgress-bar2Indeterminate-29"
    style={Object {}}
  />
</div>
`;
