// Jest Snapshot v1, https://goo.gl/fbAQLP

exports[`<ProgressBar /> renders correctly 1`] = `
<div
  className="MuiLinearProgress-root-18 MuiLinearProgress-colorSecondary-20 MuiLinearProgress-query-22"
  role="progressbar"
>
  <div
    className="MuiLinearProgress-bar-26 MuiLinearProgress-barColorSecondary-28 MuiLinearProgress-bar1Indeterminate-29"
    style={Object {}}
  />
  <div
    className="MuiLinearProgress-bar-26 MuiLinearProgress-barColorSecondary-28 MuiLinearProgress-bar2Indeterminate-32"
    style={Object {}}
  />
</div>
`;
