// Jest Snapshot v1, https://goo.gl/fbAQLP

exports[`<ProgressBar /> renders correctly 1`] = `
<div
  className="MuiLinearProgress-root-19 MuiLinearProgress-colorSecondary-21 MuiLinearProgress-query-25"
  role="progressbar"
>
  <div
    className="MuiLinearProgress-bar-29 MuiLinearProgress-barColorSecondary-31 MuiLinearProgress-bar1Indeterminate-32"
    style={Object {}}
  />
  <div
    className="MuiLinearProgress-bar-29 MuiLinearProgress-barColorSecondary-31 MuiLinearProgress-bar2Indeterminate-35"
    style={Object {}}
  />
</div>
`;
