// Jest Snapshot v1, https://goo.gl/fbAQLP

exports[`<Sidebar /> renders correctly 1`] = `
<div
  className="MuiDrawer-docked-97"
  style={
    Object {
      "width": 0,
    }
  }
>
  <div
    className="MuiPaper-root-108 MuiPaper-elevation0-110 MuiDrawer-paper-98 Sidebar-drawerPaper-94 MuiDrawer-paperAnchorLeft-99 MuiDrawer-paperAnchorDockedLeft-103"
    direction="right"
    style={Object {}}
  >
    <div
      className="Sidebar-drawerHeader-95"
    >
      <div
        aria-describedby={undefined}
        className="MuiFormControl-root-135 MuiFormControl-marginNormal-136 MuiFormControl-fullWidth-138"
        onBlur={[Function]}
        onFocus={[Function]}
      >
        <div
          className="MuiInput-root-139 MuiInput-fullWidth-146 MuiInput-formControl-140 MuiInput-underline-143"
        >
          <input
            aria-invalid={false}
            aria-required={false}
            autoComplete={undefined}
            autoFocus={undefined}
            className="MuiInput-input-147"
            defaultValue={undefined}
            disabled={false}
            id={undefined}
            name={undefined}
            onBlur={[Function]}
            onChange={[Function]}
            onFocus={[Function]}
            onKeyDown={undefined}
            onKeyUp={undefined}
            placeholder="Search chats..."
            readOnly={undefined}
            required={undefined}
            rows={undefined}
            type="text"
            value=""
          />
        </div>
      </div>
      <button
        className="MuiButtonBase-root-159 MuiIconButton-root-153 Sidebar-drawerCloseButton-96"
        disabled={false}
        onBlur={[Function]}
        onClick={[Function]}
        onFocus={[Function]}
        onKeyDown={[Function]}
        onKeyUp={[Function]}
        onMouseDown={[Function]}
        onMouseLeave={[Function]}
        onMouseUp={[Function]}
        onTouchEnd={[Function]}
        onTouchMove={[Function]}
        onTouchStart={[Function]}
        tabIndex="0"
        type="button"
      >
        <span
          className="MuiIconButton-label-158"
        >
          <svg
            aria-hidden="true"
            className="MuiSvgIcon-root-162"
            color={undefined}
            focusable="false"
            viewBox="0 0 24 24"
          >
            <path
              d="M15.41 7.41L14 6l-6 6 6 6 1.41-1.41L10.83 12z"
            />
          </svg>
        </span>
        <span
          className="MuiTouchRipple-root-168"
        />
      </button>
    </div>
    <hr
      className="MuiDivider-root-175"
    />
    ChatList
    NewChatButton
    <div
      className="MuiBottomNavigation-root-179"
    >
      <button
        className="MuiButtonBase-root-159 MuiBottomNavigationAction-root-180 MuiBottomNavigationAction-selected-181"
        disabled={undefined}
        onBlur={[Function]}
        onClick={[Function]}
        onFocus={[Function]}
        onKeyDown={[Function]}
        onKeyUp={[Function]}
        onMouseDown={[Function]}
        onMouseLeave={[Function]}
        onMouseUp={[Function]}
        onTouchEnd={[Function]}
        onTouchMove={[Function]}
        onTouchStart={[Function]}
        tabIndex="0"
        type="button"
      >
        <span
          className="MuiBottomNavigationAction-wrapper-183"
        >
          <svg
            aria-hidden="true"
            className="MuiSvgIcon-root-162"
            color={undefined}
            focusable="false"
            viewBox="0 0 24 24"
          >
            <path
              d="M13 3c-4.97 0-9 4.03-9 9H1l3.89 3.89.07.14L9 12H6c0-3.87 3.13-7 7-7s7 3.13 7 7-3.13 7-7 7c-1.93 0-3.68-.79-4.94-2.06l-1.42 1.42C8.27 19.99 10.51 21 13 21c4.97 0 9-4.03 9-9s-4.03-9-9-9zm-1 5v5l4.28 2.54.72-1.21-3.5-2.08V8H12z"
            />
          </svg>
          <span
            className="MuiBottomNavigationAction-label-184 MuiBottomNavigationAction-labelSelected-185"
          >
            My Chats
          </span>
        </span>
        <span
          className="MuiTouchRipple-root-168"
        />
      </button>
      <button
        className="MuiButtonBase-root-159 MuiBottomNavigationAction-root-180"
        disabled={undefined}
        onBlur={[Function]}
        onClick={[Function]}
        onFocus={[Function]}
        onKeyDown={[Function]}
        onKeyUp={[Function]}
        onMouseDown={[Function]}
        onMouseLeave={[Function]}
        onMouseUp={[Function]}
        onTouchEnd={[Function]}
        onTouchMove={[Function]}
        onTouchStart={[Function]}
        tabIndex="0"
        type="button"
      >
        <span
          className="MuiBottomNavigationAction-wrapper-183"
        >
          <svg
            aria-hidden="true"
            className="MuiSvgIcon-root-162"
            color={undefined}
            focusable="false"
            viewBox="0 0 24 24"
          >
            <path
              d="M12 10.9c-.61 0-1.1.49-1.1 1.1s.49 1.1 1.1 1.1c.61 0 1.1-.49 1.1-1.1s-.49-1.1-1.1-1.1zM12 2C6.48 2 2 6.48 2 12s4.48 10 10 10 10-4.48 10-10S17.52 2 12 2zm2.19 12.19L6 18l3.81-8.19L18 6l-3.81 8.19z"
            />
          </svg>
          <span
            className="MuiBottomNavigationAction-label-184"
          >
            Explore
          </span>
        </span>
        <span
          className="MuiTouchRipple-root-168"
        />
      </button>
    </div>
  </div>
</div>
`;

exports[`<Sidebar /> renders correctly isConnected 1`] = `
<div
  className="MuiDrawer-docked-97"
  style={
    Object {
      "width": 0,
    }
  }
>
  <div
    className="MuiPaper-root-108 MuiPaper-elevation0-110 MuiDrawer-paper-98 Sidebar-drawerPaper-94 MuiDrawer-paperAnchorLeft-99 MuiDrawer-paperAnchorDockedLeft-103"
    direction="right"
    style={Object {}}
  >
    <div
      className="Sidebar-drawerHeader-95"
    >
      <div
        aria-describedby={undefined}
        className="MuiFormControl-root-135 MuiFormControl-marginNormal-136 MuiFormControl-fullWidth-138"
        onBlur={[Function]}
        onFocus={[Function]}
      >
        <div
          className="MuiInput-root-139 MuiInput-fullWidth-146 MuiInput-formControl-140 MuiInput-underline-143"
        >
          <input
            aria-invalid={false}
            aria-required={false}
            autoComplete={undefined}
            autoFocus={undefined}
            className="MuiInput-input-147"
            defaultValue={undefined}
            disabled={false}
            id={undefined}
            name={undefined}
            onBlur={[Function]}
            onChange={[Function]}
            onFocus={[Function]}
            onKeyDown={undefined}
            onKeyUp={undefined}
            placeholder="Search chats..."
            readOnly={undefined}
            required={undefined}
            rows={undefined}
            type="text"
            value=""
          />
        </div>
      </div>
      <button
        className="MuiButtonBase-root-159 MuiIconButton-root-153 Sidebar-drawerCloseButton-96"
        disabled={false}
        onBlur={[Function]}
        onClick={[Function]}
        onFocus={[Function]}
        onKeyDown={[Function]}
        onKeyUp={[Function]}
        onMouseDown={[Function]}
        onMouseLeave={[Function]}
        onMouseUp={[Function]}
        onTouchEnd={[Function]}
        onTouchMove={[Function]}
        onTouchStart={[Function]}
        tabIndex="0"
        type="button"
      >
        <span
          className="MuiIconButton-label-158"
        >
          <svg
            aria-hidden="true"
            className="MuiSvgIcon-root-162"
            color={undefined}
            focusable="false"
            viewBox="0 0 24 24"
          >
            <path
              d="M15.41 7.41L14 6l-6 6 6 6 1.41-1.41L10.83 12z"
            />
          </svg>
        </span>
        <span
          className="MuiTouchRipple-root-168"
        />
      </button>
    </div>
    <hr
      className="MuiDivider-root-175"
    />
    ChatList
    NewChatButton
    <div
      className="MuiBottomNavigation-root-179"
    >
      <button
        className="MuiButtonBase-root-159 MuiBottomNavigationAction-root-180 MuiBottomNavigationAction-selected-181"
        disabled={undefined}
        onBlur={[Function]}
        onClick={[Function]}
        onFocus={[Function]}
        onKeyDown={[Function]}
        onKeyUp={[Function]}
        onMouseDown={[Function]}
        onMouseLeave={[Function]}
        onMouseUp={[Function]}
        onTouchEnd={[Function]}
        onTouchMove={[Function]}
        onTouchStart={[Function]}
        tabIndex="0"
        type="button"
      >
        <span
          className="MuiBottomNavigationAction-wrapper-183"
        >
          <svg
            aria-hidden="true"
            className="MuiSvgIcon-root-162"
            color={undefined}
            focusable="false"
            viewBox="0 0 24 24"
          >
            <path
              d="M13 3c-4.97 0-9 4.03-9 9H1l3.89 3.89.07.14L9 12H6c0-3.87 3.13-7 7-7s7 3.13 7 7-3.13 7-7 7c-1.93 0-3.68-.79-4.94-2.06l-1.42 1.42C8.27 19.99 10.51 21 13 21c4.97 0 9-4.03 9-9s-4.03-9-9-9zm-1 5v5l4.28 2.54.72-1.21-3.5-2.08V8H12z"
            />
          </svg>
          <span
            className="MuiBottomNavigationAction-label-184 MuiBottomNavigationAction-labelSelected-185"
          >
            My Chats
          </span>
        </span>
        <span
          className="MuiTouchRipple-root-168"
        />
      </button>
      <button
        className="MuiButtonBase-root-159 MuiBottomNavigationAction-root-180"
        disabled={undefined}
        onBlur={[Function]}
        onClick={[Function]}
        onFocus={[Function]}
        onKeyDown={[Function]}
        onKeyUp={[Function]}
        onMouseDown={[Function]}
        onMouseLeave={[Function]}
        onMouseUp={[Function]}
        onTouchEnd={[Function]}
        onTouchMove={[Function]}
        onTouchStart={[Function]}
        tabIndex="0"
        type="button"
      >
        <span
          className="MuiBottomNavigationAction-wrapper-183"
        >
          <svg
            aria-hidden="true"
            className="MuiSvgIcon-root-162"
            color={undefined}
            focusable="false"
            viewBox="0 0 24 24"
          >
            <path
              d="M12 10.9c-.61 0-1.1.49-1.1 1.1s.49 1.1 1.1 1.1c.61 0 1.1-.49 1.1-1.1s-.49-1.1-1.1-1.1zM12 2C6.48 2 2 6.48 2 12s4.48 10 10 10 10-4.48 10-10S17.52 2 12 2zm2.19 12.19L6 18l3.81-8.19L18 6l-3.81 8.19z"
            />
          </svg>
          <span
            className="MuiBottomNavigationAction-label-184"
          >
            Explore
          </span>
        </span>
        <span
          className="MuiTouchRipple-root-168"
        />
      </button>
    </div>
  </div>
</div>
`;
