// Jest Snapshot v1, https://goo.gl/fbAQLP

exports[`<Sidebar /> renders correctly 1`] = `
<div
  className="MuiDrawer-docked-99"
>
  <div
    className="MuiPaper-root-110 MuiPaper-shadow0-112 MuiDrawer-paper-100 Sidebar-drawerPaper-96 MuiDrawer-paperAnchorLeft-101 MuiDrawer-paperAnchorDockedLeft-105"
    direction="right"
    style={Object {}}
  >
    <div
      className="Sidebar-drawerHeader-97"
    >
      <div
        aria-describedby={undefined}
        className="MuiFormControl-root-137 MuiFormControl-marginNormal-138 MuiFormControl-fullWidth-140"
        onBlur={[Function]}
        onFocus={[Function]}
      >
        <div
          className="MuiInput-root-141 MuiInput-fullWidth-149 MuiInput-formControl-142 MuiInput-inkbar-143 MuiInput-underline-147"
          onBlur={[Function]}
          onFocus={[Function]}
        >
          <input
            aria-invalid={false}
            aria-required={false}
            autoComplete={undefined}
            autoFocus={undefined}
            className="MuiInput-input-150"
            defaultValue={undefined}
            disabled={false}
            id={undefined}
            name={undefined}
            onChange={[Function]}
            onKeyDown={undefined}
            onKeyUp={undefined}
            placeholder="Search chats..."
            readOnly={undefined}
            required={undefined}
            rows={undefined}
            type="text"
            value=""
          />
        </div>
      </div>
      <button
        className="MuiButtonBase-root-162 MuiIconButton-root-156 Sidebar-drawerCloseButton-98"
        disabled={false}
        onBlur={[Function]}
        onClick={undefined}
        onFocus={[Function]}
        onKeyDown={[Function]}
        onKeyUp={[Function]}
        onMouseDown={[Function]}
        onMouseLeave={[Function]}
        onMouseUp={[Function]}
        onTouchEnd={[Function]}
        onTouchMove={[Function]}
        onTouchStart={[Function]}
        tabIndex={0}
        type="button"
      >
        <span
          className="MuiIconButton-label-161"
        >
          <svg
            aria-hidden="true"
            className="MuiSvgIcon-root-164 MuiSvgIcon-fontSize-170"
            color={undefined}
            focusable="false"
            viewBox="0 0 24 24"
          >
            <path
              d="M15.41 7.41L14 6l-6 6 6 6 1.41-1.41L10.83 12z"
            />
          </svg>
        </span>
        <span
          className="MuiTouchRipple-root-171"
        />
      </button>
    </div>
    <hr
      className="MuiDivider-root-178 MuiDivider-default-180"
    />
    ChatList
    NewChatButton
    <div
      className="MuiBottomNavigation-root-183"
    >
      <button
        className="MuiButtonBase-root-162 MuiBottomNavigationAction-root-184 MuiBottomNavigationAction-selected-185"
        disabled={undefined}
        onBlur={[Function]}
        onClick={[Function]}
        onFocus={[Function]}
        onKeyDown={[Function]}
        onKeyUp={[Function]}
        onMouseDown={[Function]}
        onMouseLeave={[Function]}
        onMouseUp={[Function]}
        onTouchEnd={[Function]}
        onTouchMove={[Function]}
        onTouchStart={[Function]}
        tabIndex={0}
        type="button"
      >
        <span
          className="MuiBottomNavigationAction-wrapper-187"
        >
          <svg
            aria-hidden="true"
            className="MuiSvgIcon-root-164"
            color={undefined}
            focusable="false"
            viewBox="0 0 24 24"
          >
            <path
              d="M13 3c-4.97 0-9 4.03-9 9H1l3.89 3.89.07.14L9 12H6c0-3.87 3.13-7 7-7s7 3.13 7 7-3.13 7-7 7c-1.93 0-3.68-.79-4.94-2.06l-1.42 1.42C8.27 19.99 10.51 21 13 21c4.97 0 9-4.03 9-9s-4.03-9-9-9zm-1 5v5l4.28 2.54.72-1.21-3.5-2.08V8H12z"
            />
          </svg>
          <span
            className="MuiBottomNavigationAction-label-188 MuiBottomNavigationAction-selectedLabel-189"
          >
            My Chats
          </span>
        </span>
        <span
          className="MuiTouchRipple-root-171"
        />
      </button>
      <button
        className="MuiButtonBase-root-162 MuiBottomNavigationAction-root-184"
        disabled={undefined}
        onBlur={[Function]}
        onClick={[Function]}
        onFocus={[Function]}
        onKeyDown={[Function]}
        onKeyUp={[Function]}
        onMouseDown={[Function]}
        onMouseLeave={[Function]}
        onMouseUp={[Function]}
        onTouchEnd={[Function]}
        onTouchMove={[Function]}
        onTouchStart={[Function]}
        tabIndex={0}
        type="button"
      >
        <span
          className="MuiBottomNavigationAction-wrapper-187"
        >
          <svg
            aria-hidden="true"
            className="MuiSvgIcon-root-164"
            color={undefined}
            focusable="false"
            viewBox="0 0 24 24"
          >
            <path
              d="M12 10.9c-.61 0-1.1.49-1.1 1.1s.49 1.1 1.1 1.1c.61 0 1.1-.49 1.1-1.1s-.49-1.1-1.1-1.1zM12 2C6.48 2 2 6.48 2 12s4.48 10 10 10 10-4.48 10-10S17.52 2 12 2zm2.19 12.19L6 18l3.81-8.19L18 6l-3.81 8.19z"
            />
          </svg>
          <span
            className="MuiBottomNavigationAction-label-188"
          >
            Explore
          </span>
        </span>
        <span
          className="MuiTouchRipple-root-171"
        />
      </button>
    </div>
  </div>
</div>
`;

exports[`<Sidebar /> renders correctly isConnected 1`] = `
<div
  className="MuiDrawer-docked-99"
>
  <div
    className="MuiPaper-root-110 MuiPaper-shadow0-112 MuiDrawer-paper-100 Sidebar-drawerPaper-96 MuiDrawer-paperAnchorLeft-101 MuiDrawer-paperAnchorDockedLeft-105"
    direction="right"
    style={Object {}}
  >
    <div
      className="Sidebar-drawerHeader-97"
    >
      <div
        aria-describedby={undefined}
        className="MuiFormControl-root-137 MuiFormControl-marginNormal-138 MuiFormControl-fullWidth-140"
        onBlur={[Function]}
        onFocus={[Function]}
      >
        <div
          className="MuiInput-root-141 MuiInput-fullWidth-149 MuiInput-formControl-142 MuiInput-inkbar-143 MuiInput-underline-147"
          onBlur={[Function]}
          onFocus={[Function]}
        >
          <input
            aria-invalid={false}
            aria-required={false}
            autoComplete={undefined}
            autoFocus={undefined}
            className="MuiInput-input-150"
            defaultValue={undefined}
            disabled={false}
            id={undefined}
            name={undefined}
            onChange={[Function]}
            onKeyDown={undefined}
            onKeyUp={undefined}
            placeholder="Search chats..."
            readOnly={undefined}
            required={undefined}
            rows={undefined}
            type="text"
            value=""
          />
        </div>
      </div>
      <button
        className="MuiButtonBase-root-162 MuiIconButton-root-156 Sidebar-drawerCloseButton-98"
        disabled={false}
        onBlur={[Function]}
        onClick={undefined}
        onFocus={[Function]}
        onKeyDown={[Function]}
        onKeyUp={[Function]}
        onMouseDown={[Function]}
        onMouseLeave={[Function]}
        onMouseUp={[Function]}
        onTouchEnd={[Function]}
        onTouchMove={[Function]}
        onTouchStart={[Function]}
        tabIndex={0}
        type="button"
      >
        <span
          className="MuiIconButton-label-161"
        >
          <svg
            aria-hidden="true"
            className="MuiSvgIcon-root-164 MuiSvgIcon-fontSize-170"
            color={undefined}
            focusable="false"
            viewBox="0 0 24 24"
          >
            <path
              d="M15.41 7.41L14 6l-6 6 6 6 1.41-1.41L10.83 12z"
            />
          </svg>
        </span>
        <span
          className="MuiTouchRipple-root-171"
        />
      </button>
    </div>
    <hr
      className="MuiDivider-root-178 MuiDivider-default-180"
    />
    ChatList
    NewChatButton
    <div
      className="MuiBottomNavigation-root-183"
    >
      <button
        className="MuiButtonBase-root-162 MuiBottomNavigationAction-root-184 MuiBottomNavigationAction-selected-185"
        disabled={undefined}
        onBlur={[Function]}
        onClick={[Function]}
        onFocus={[Function]}
        onKeyDown={[Function]}
        onKeyUp={[Function]}
        onMouseDown={[Function]}
        onMouseLeave={[Function]}
        onMouseUp={[Function]}
        onTouchEnd={[Function]}
        onTouchMove={[Function]}
        onTouchStart={[Function]}
        tabIndex={0}
        type="button"
      >
        <span
          className="MuiBottomNavigationAction-wrapper-187"
        >
          <svg
            aria-hidden="true"
            className="MuiSvgIcon-root-164"
            color={undefined}
            focusable="false"
            viewBox="0 0 24 24"
          >
            <path
              d="M13 3c-4.97 0-9 4.03-9 9H1l3.89 3.89.07.14L9 12H6c0-3.87 3.13-7 7-7s7 3.13 7 7-3.13 7-7 7c-1.93 0-3.68-.79-4.94-2.06l-1.42 1.42C8.27 19.99 10.51 21 13 21c4.97 0 9-4.03 9-9s-4.03-9-9-9zm-1 5v5l4.28 2.54.72-1.21-3.5-2.08V8H12z"
            />
          </svg>
          <span
            className="MuiBottomNavigationAction-label-188 MuiBottomNavigationAction-selectedLabel-189"
          >
            My Chats
          </span>
        </span>
        <span
          className="MuiTouchRipple-root-171"
        />
      </button>
      <button
        className="MuiButtonBase-root-162 MuiBottomNavigationAction-root-184"
        disabled={undefined}
        onBlur={[Function]}
        onClick={[Function]}
        onFocus={[Function]}
        onKeyDown={[Function]}
        onKeyUp={[Function]}
        onMouseDown={[Function]}
        onMouseLeave={[Function]}
        onMouseUp={[Function]}
        onTouchEnd={[Function]}
        onTouchMove={[Function]}
        onTouchStart={[Function]}
        tabIndex={0}
        type="button"
      >
        <span
          className="MuiBottomNavigationAction-wrapper-187"
        >
          <svg
            aria-hidden="true"
            className="MuiSvgIcon-root-164"
            color={undefined}
            focusable="false"
            viewBox="0 0 24 24"
          >
            <path
              d="M12 10.9c-.61 0-1.1.49-1.1 1.1s.49 1.1 1.1 1.1c.61 0 1.1-.49 1.1-1.1s-.49-1.1-1.1-1.1zM12 2C6.48 2 2 6.48 2 12s4.48 10 10 10 10-4.48 10-10S17.52 2 12 2zm2.19 12.19L6 18l3.81-8.19L18 6l-3.81 8.19z"
            />
          </svg>
          <span
            className="MuiBottomNavigationAction-label-188"
          >
            Explore
          </span>
        </span>
        <span
          className="MuiTouchRipple-root-171"
        />
      </button>
    </div>
  </div>
</div>
`;
