// Jest Snapshot v1, https://goo.gl/fbAQLP

exports[`<Sidebar /> renders correctly 1`] = `
<div
  className="MuiDrawer-docked-94"
  style={
    Object {
      "width": 0,
    }
  }
>
  <div
    className="MuiPaper-root-105 MuiPaper-elevation0-107 MuiDrawer-paper-95 Sidebar-drawerPaper-91 MuiDrawer-paperAnchorLeft-96 MuiDrawer-paperAnchorDockedLeft-100"
    direction="right"
    style={
      Object {
        "pointerEvents": "",
      }
    }
  >
    <div
      className="Sidebar-drawerHeader-92"
    >
      <div
        aria-describedby={undefined}
        className="MuiFormControl-root-132 MuiFormControl-marginNormal-133 MuiFormControl-fullWidth-135"
        onBlur={[Function]}
        onFocus={[Function]}
      >
        <div
          className="MuiInput-root-136 MuiInput-fullWidth-143 MuiInput-formControl-137 MuiInput-underline-140"
        >
          <input
            aria-invalid={false}
            aria-required={false}
            autoComplete={undefined}
            autoFocus={undefined}
            className="MuiInput-input-144"
            defaultValue={undefined}
            disabled={false}
            id={undefined}
            name={undefined}
            onBlur={[Function]}
            onChange={[Function]}
            onFocus={[Function]}
            onKeyDown={undefined}
            onKeyUp={undefined}
            placeholder="Search chats..."
            readOnly={undefined}
            required={undefined}
            rows={undefined}
            type="text"
            value=""
          />
        </div>
      </div>
      <button
        className="MuiButtonBase-root-155 MuiIconButton-root-149 Sidebar-drawerCloseButton-93"
        disabled={false}
        onBlur={[Function]}
        onClick={[Function]}
        onFocus={[Function]}
        onKeyDown={[Function]}
        onKeyUp={[Function]}
        onMouseDown={[Function]}
        onMouseLeave={[Function]}
        onMouseUp={[Function]}
        onTouchEnd={[Function]}
        onTouchMove={[Function]}
        onTouchStart={[Function]}
        tabIndex="0"
        type="button"
      >
        <span
          className="MuiIconButton-label-154"
        >
          <svg
            aria-hidden="true"
            className="MuiSvgIcon-root-158"
            color={undefined}
            focusable="false"
            viewBox="0 0 24 24"
          >
            <g>
              <path
                d="M15.41 7.41L14 6l-6 6 6 6 1.41-1.41L10.83 12z"
              />
            </g>
          </svg>
        </span>
        <span
          className="MuiTouchRipple-root-164"
        />
      </button>
    </div>
    <hr
      className="MuiDivider-root-171"
    />
    ChatList
    NewChatButton
    <div
      className="MuiBottomNavigation-root-175"
    >
      <button
        className="MuiButtonBase-root-155 MuiBottomNavigationAction-root-176 MuiBottomNavigationAction-selected-177"
        disabled={undefined}
        onBlur={[Function]}
        onClick={[Function]}
        onFocus={[Function]}
        onKeyDown={[Function]}
        onKeyUp={[Function]}
        onMouseDown={[Function]}
        onMouseLeave={[Function]}
        onMouseUp={[Function]}
        onTouchEnd={[Function]}
        onTouchMove={[Function]}
        onTouchStart={[Function]}
        tabIndex="0"
        type="button"
      >
        <span
          className="MuiBottomNavigationAction-wrapper-179"
        >
          <svg
            aria-hidden="true"
            className="MuiSvgIcon-root-158"
            color={undefined}
            focusable="false"
            viewBox="0 0 24 24"
          >
            <g>
              <path
                d="M13 3c-4.97 0-9 4.03-9 9H1l3.89 3.89.07.14L9 12H6c0-3.87 3.13-7 7-7s7 3.13 7 7-3.13 7-7 7c-1.93 0-3.68-.79-4.94-2.06l-1.42 1.42C8.27 19.99 10.51 21 13 21c4.97 0 9-4.03 9-9s-4.03-9-9-9zm-1 5v5l4.28 2.54.72-1.21-3.5-2.08V8H12z"
              />
            </g>
          </svg>
          <span
            className="MuiBottomNavigationAction-label-180 MuiBottomNavigationAction-selected-177"
          >
            My Chats
          </span>
        </span>
        <span
          className="MuiTouchRipple-root-164"
        />
      </button>
      <button
        className="MuiButtonBase-root-155 MuiBottomNavigationAction-root-176"
        disabled={undefined}
        onBlur={[Function]}
        onClick={[Function]}
        onFocus={[Function]}
        onKeyDown={[Function]}
        onKeyUp={[Function]}
        onMouseDown={[Function]}
        onMouseLeave={[Function]}
        onMouseUp={[Function]}
        onTouchEnd={[Function]}
        onTouchMove={[Function]}
        onTouchStart={[Function]}
        tabIndex="0"
        type="button"
      >
        <span
          className="MuiBottomNavigationAction-wrapper-179"
        >
          <svg
            aria-hidden="true"
            className="MuiSvgIcon-root-158"
            color={undefined}
            focusable="false"
            viewBox="0 0 24 24"
          >
            <g>
              <path
                d="M12 10.9c-.61 0-1.1.49-1.1 1.1s.49 1.1 1.1 1.1c.61 0 1.1-.49 1.1-1.1s-.49-1.1-1.1-1.1zM12 2C6.48 2 2 6.48 2 12s4.48 10 10 10 10-4.48 10-10S17.52 2 12 2zm2.19 12.19L6 18l3.81-8.19L18 6l-3.81 8.19z"
              />
            </g>
          </svg>
          <span
            className="MuiBottomNavigationAction-label-180"
          >
            Explore
          </span>
        </span>
        <span
          className="MuiTouchRipple-root-164"
        />
      </button>
    </div>
  </div>
</div>
`;

exports[`<Sidebar /> renders correctly isConnected 1`] = `
<div
  className="MuiDrawer-docked-94"
  style={
    Object {
      "width": 0,
    }
  }
>
  <div
    className="MuiPaper-root-105 MuiPaper-elevation0-107 MuiDrawer-paper-95 Sidebar-drawerPaper-91 MuiDrawer-paperAnchorLeft-96 MuiDrawer-paperAnchorDockedLeft-100"
    direction="right"
    style={
      Object {
        "pointerEvents": "",
      }
    }
  >
    <div
      className="Sidebar-drawerHeader-92"
    >
      <div
        aria-describedby={undefined}
        className="MuiFormControl-root-132 MuiFormControl-marginNormal-133 MuiFormControl-fullWidth-135"
        onBlur={[Function]}
        onFocus={[Function]}
      >
        <div
          className="MuiInput-root-136 MuiInput-fullWidth-143 MuiInput-formControl-137 MuiInput-underline-140"
        >
          <input
            aria-invalid={false}
            aria-required={false}
            autoComplete={undefined}
            autoFocus={undefined}
            className="MuiInput-input-144"
            defaultValue={undefined}
            disabled={false}
            id={undefined}
            name={undefined}
            onBlur={[Function]}
            onChange={[Function]}
            onFocus={[Function]}
            onKeyDown={undefined}
            onKeyUp={undefined}
            placeholder="Search chats..."
            readOnly={undefined}
            required={undefined}
            rows={undefined}
            type="text"
            value=""
          />
        </div>
      </div>
      <button
        className="MuiButtonBase-root-155 MuiIconButton-root-149 Sidebar-drawerCloseButton-93"
        disabled={false}
        onBlur={[Function]}
        onClick={[Function]}
        onFocus={[Function]}
        onKeyDown={[Function]}
        onKeyUp={[Function]}
        onMouseDown={[Function]}
        onMouseLeave={[Function]}
        onMouseUp={[Function]}
        onTouchEnd={[Function]}
        onTouchMove={[Function]}
        onTouchStart={[Function]}
        tabIndex="0"
        type="button"
      >
        <span
          className="MuiIconButton-label-154"
        >
          <svg
            aria-hidden="true"
            className="MuiSvgIcon-root-158"
            color={undefined}
            focusable="false"
            viewBox="0 0 24 24"
          >
            <g>
              <path
                d="M15.41 7.41L14 6l-6 6 6 6 1.41-1.41L10.83 12z"
              />
            </g>
          </svg>
        </span>
        <span
          className="MuiTouchRipple-root-164"
        />
      </button>
    </div>
    <hr
      className="MuiDivider-root-171"
    />
    ChatList
    NewChatButton
    <div
      className="MuiBottomNavigation-root-175"
    >
      <button
        className="MuiButtonBase-root-155 MuiBottomNavigationAction-root-176 MuiBottomNavigationAction-selected-177"
        disabled={undefined}
        onBlur={[Function]}
        onClick={[Function]}
        onFocus={[Function]}
        onKeyDown={[Function]}
        onKeyUp={[Function]}
        onMouseDown={[Function]}
        onMouseLeave={[Function]}
        onMouseUp={[Function]}
        onTouchEnd={[Function]}
        onTouchMove={[Function]}
        onTouchStart={[Function]}
        tabIndex="0"
        type="button"
      >
        <span
          className="MuiBottomNavigationAction-wrapper-179"
        >
          <svg
            aria-hidden="true"
            className="MuiSvgIcon-root-158"
            color={undefined}
            focusable="false"
            viewBox="0 0 24 24"
          >
            <g>
              <path
                d="M13 3c-4.97 0-9 4.03-9 9H1l3.89 3.89.07.14L9 12H6c0-3.87 3.13-7 7-7s7 3.13 7 7-3.13 7-7 7c-1.93 0-3.68-.79-4.94-2.06l-1.42 1.42C8.27 19.99 10.51 21 13 21c4.97 0 9-4.03 9-9s-4.03-9-9-9zm-1 5v5l4.28 2.54.72-1.21-3.5-2.08V8H12z"
              />
            </g>
          </svg>
          <span
            className="MuiBottomNavigationAction-label-180 MuiBottomNavigationAction-selected-177"
          >
            My Chats
          </span>
        </span>
        <span
          className="MuiTouchRipple-root-164"
        />
      </button>
      <button
        className="MuiButtonBase-root-155 MuiBottomNavigationAction-root-176"
        disabled={undefined}
        onBlur={[Function]}
        onClick={[Function]}
        onFocus={[Function]}
        onKeyDown={[Function]}
        onKeyUp={[Function]}
        onMouseDown={[Function]}
        onMouseLeave={[Function]}
        onMouseUp={[Function]}
        onTouchEnd={[Function]}
        onTouchMove={[Function]}
        onTouchStart={[Function]}
        tabIndex="0"
        type="button"
      >
        <span
          className="MuiBottomNavigationAction-wrapper-179"
        >
          <svg
            aria-hidden="true"
            className="MuiSvgIcon-root-158"
            color={undefined}
            focusable="false"
            viewBox="0 0 24 24"
          >
            <g>
              <path
                d="M12 10.9c-.61 0-1.1.49-1.1 1.1s.49 1.1 1.1 1.1c.61 0 1.1-.49 1.1-1.1s-.49-1.1-1.1-1.1zM12 2C6.48 2 2 6.48 2 12s4.48 10 10 10 10-4.48 10-10S17.52 2 12 2zm2.19 12.19L6 18l3.81-8.19L18 6l-3.81 8.19z"
              />
            </g>
          </svg>
          <span
            className="MuiBottomNavigationAction-label-180"
          >
            Explore
          </span>
        </span>
        <span
          className="MuiTouchRipple-root-164"
        />
      </button>
    </div>
  </div>
</div>
`;
