// Jest Snapshot v1, https://goo.gl/fbAQLP

exports[`<SignUpForm /> renders correctly 1`] = `
<form
  className="SignUpForm-container-62"
  onSubmit={[Function]}
>
  <div
    aria-describedby={undefined}
    className="MuiFormControl-root-64 MuiFormControl-marginNormal-65 MuiFormControl-fullWidth-67"
    onBlur={[Function]}
    onFocus={[Function]}
    username=""
  >
    <label
      className="MuiFormLabel-root-73 MuiInputLabel-root-68 MuiInputLabel-formControl-69 MuiInputLabel-animated-72"
      data-shrink={false}
      htmlFor={undefined}
    >
      Username
      <span
        className="MuiFormLabel-asterisk-77"
      >
         *
      </span>
    </label>
    <div
      className="MuiInput-root-78 MuiInput-fullWidth-85 MuiInput-formControl-79 MuiInput-underline-82"
    >
      <input
        aria-invalid={false}
        aria-required={true}
        autoComplete={undefined}
        autoFocus={undefined}
        className="MuiInput-input-86"
        defaultValue={undefined}
        disabled={false}
        id={undefined}
        name="username"
        onBlur={[Function]}
        onChange={[Function]}
        onFocus={[Function]}
        onKeyDown={undefined}
        onKeyUp={undefined}
        placeholder="Type your username ..."
        readOnly={undefined}
        required={true}
        rows={undefined}
        type="text"
        value={undefined}
      />
    </div>
  </div>
  <div
    aria-describedby={undefined}
    className="MuiFormControl-root-64 MuiFormControl-marginNormal-65 MuiFormControl-fullWidth-67"
    onBlur={[Function]}
    onFocus={[Function]}
    username=""
  >
    <label
      className="MuiFormLabel-root-73 MuiInputLabel-root-68 MuiInputLabel-formControl-69 MuiInputLabel-animated-72"
      data-shrink={false}
      htmlFor={undefined}
    >
      Password
      <span
        className="MuiFormLabel-asterisk-77"
      >
         *
      </span>
    </label>
    <div
      className="MuiInput-root-78 MuiInput-fullWidth-85 MuiInput-formControl-79 MuiInput-underline-82"
    >
      <input
        aria-invalid={false}
        aria-required={true}
        autoComplete={undefined}
        autoFocus={undefined}
        className="MuiInput-input-86 MuiInput-inputType-89"
        defaultValue={undefined}
        disabled={false}
        id={undefined}
        name="password"
        onBlur={[Function]}
        onChange={[Function]}
        onFocus={[Function]}
        onKeyDown={undefined}
        onKeyUp={undefined}
        placeholder="Type your password ..."
        readOnly={undefined}
        required={true}
        rows={undefined}
        type="password"
        value={undefined}
      />
    </div>
  </div>
  <div
    aria-describedby={undefined}
    className="MuiFormControl-root-64 MuiFormControl-marginNormal-65 MuiFormControl-fullWidth-67"
    onBlur={[Function]}
    onFocus={[Function]}
    username=""
  >
    <label
      className="MuiFormLabel-root-73 MuiInputLabel-root-68 MuiInputLabel-formControl-69 MuiInputLabel-animated-72"
      data-shrink={false}
      htmlFor={undefined}
    >
      Repeat password
      <span
        className="MuiFormLabel-asterisk-77"
      >
         *
      </span>
    </label>
    <div
      className="MuiInput-root-78 MuiInput-fullWidth-85 MuiInput-formControl-79 MuiInput-underline-82"
    >
      <input
        aria-invalid={false}
        aria-required={true}
        autoComplete={undefined}
        autoFocus={undefined}
        className="MuiInput-input-86 MuiInput-inputType-89"
        defaultValue={undefined}
        disabled={false}
        id={undefined}
        name="repeatedPassword"
        onBlur={[Function]}
        onChange={[Function]}
        onFocus={[Function]}
        onKeyDown={undefined}
        onKeyUp={undefined}
        placeholder="Repeat your password ..."
        readOnly={undefined}
        required={true}
        rows={undefined}
        type="password"
        value={undefined}
      />
    </div>
  </div>
  <button
    className="MuiButtonBase-root-113 MuiButton-root-91 MuiButton-contained-100 MuiButton-containedPrimary-101 MuiButton-raised-103 MuiButton-raisedPrimary-104 SignUpForm-button-63"
    disabled={false}
    onBlur={[Function]}
    onFocus={[Function]}
    onKeyDown={[Function]}
    onKeyUp={[Function]}
    onMouseDown={[Function]}
    onMouseLeave={[Function]}
    onMouseUp={[Function]}
    onTouchEnd={[Function]}
    onTouchMove={[Function]}
    onTouchStart={[Function]}
    tabIndex="0"
    type="submit"
  >
    <span
      className="MuiButton-label-92"
    >
      SignUp
    </span>
    <span
      className="MuiTouchRipple-root-116"
    />
  </button>
</form>
`;
