// Jest Snapshot v1, https://goo.gl/fbAQLP

exports[`<WelcomePage /> renders correctly 1`] = `
<div>
  <header
    className="MuiPaper-root-125 MuiPaper-elevation4-131 MuiAppBar-root-116 MuiAppBar-positionFixed-117 MuiAppBar-colorPrimary-123 mui-fixed"
  >
    <div
      className="MuiToolbar-root-152 MuiToolbar-regular-154 MuiToolbar-gutters-153"
    >
      <h2
        className="MuiTypography-root-156 MuiTypography-title-162 MuiTypography-colorInherit-185 MuiTypography-noWrap-182"
      >
        DogeCodes React Chat
      </h2>
    </div>
  </header>
  <div
    className="WelcomePage-content-113"
  >
    <div
      className="MuiPaper-root-125 MuiPaper-elevation2-129 MuiPaper-rounded-126 WelcomePage-authForm-114"
    >
      <header
        className="MuiPaper-root-125 MuiPaper-elevation4-131 MuiAppBar-root-116 MuiAppBar-positionStatic-120 MuiAppBar-colorDefault-122"
      >
        <div
          className="MuiTabs-root-191"
        >
          <div
            className="MuiTabs-flexContainer-192"
          >
            <div
              className="MuiTabs-scroller-194 MuiTabs-fixed-195"
              onScroll={[Function]}
              role="tablist"
              style={
                Object {
                  "marginBottom": 0,
                }
              }
            >
              <div
                className="MuiTabs-flexContainer-192"
              >
                <button
                  aria-selected={true}
                  className="MuiButtonBase-root-212 MuiTab-root-200 MuiTab-textColorInherit-202 MuiTab-selected-205 MuiTab-fullWidth-207"
                  disabled={false}
                  onBlur={[Function]}
                  onClick={[Function]}
                  onFocus={[Function]}
                  onKeyDown={[Function]}
                  onKeyUp={[Function]}
                  onMouseDown={[Function]}
                  onMouseLeave={[Function]}
                  onMouseUp={[Function]}
                  onTouchEnd={[Function]}
                  onTouchMove={[Function]}
                  onTouchStart={[Function]}
                  role="tab"
                  tabIndex="0"
                  type="button"
                >
                  <span
                    className="MuiTab-wrapper-208"
                  >
                    <span
                      className="MuiTab-labelContainer-209"
                    >
                      <span
                        className="MuiTab-label-210"
                      >
                        LOGIN
                      </span>
                    </span>
                  </span>
                  <span
                    className="MuiTouchRipple-root-218"
                  />
                </button>
                <button
                  aria-selected={false}
                  className="MuiButtonBase-root-212 MuiTab-root-200 MuiTab-textColorInherit-202 MuiTab-fullWidth-207"
                  disabled={false}
                  onBlur={[Function]}
                  onClick={[Function]}
                  onFocus={[Function]}
                  onKeyDown={[Function]}
                  onKeyUp={[Function]}
                  onMouseDown={[Function]}
                  onMouseLeave={[Function]}
                  onMouseUp={[Function]}
                  onTouchEnd={[Function]}
                  onTouchMove={[Function]}
                  onTouchStart={[Function]}
                  role="tab"
                  tabIndex="0"
                  type="button"
                >
                  <span
                    className="MuiTab-wrapper-208"
                  >
                    <span
                      className="MuiTab-labelContainer-209"
                    >
                      <span
                        className="MuiTab-label-210"
                      >
                        SIGN UP
                      </span>
                    </span>
                  </span>
                  <span
                    className="MuiTouchRipple-root-218"
                  />
                </button>
              </div>
              <span
                className="MuiPrivateTabIndicator-root-215 MuiPrivateTabIndicator-colorSecondary-217 MuiTabs-indicator-199"
                style={
                  Object {
                    "left": 0,
                    "width": 0,
                  }
                }
              />
            </div>
          </div>
        </div>
      </header>
      <div
        className="WelcomePage-tabWrapper-115"
      >
        LoginForm
      </div>
    </div>
  </div>
  ./ErrorMessage
</div>
`;
