// Jest Snapshot v1, https://goo.gl/fbAQLP

exports[`<WelcomePage /> renders correctly 1`] = `
<div>
  <header
    className="MuiPaper-root-110 MuiPaper-elevation4-116 MuiAppBar-root-102 MuiAppBar-positionFixed-103 MuiAppBar-colorPrimary-108 mui-fixed"
  >
    <div
      className="MuiToolbar-root-137 MuiToolbar-gutters-138"
    >
      <h2
        className="MuiTypography-root-139 MuiTypography-title-145 MuiTypography-colorInherit-158 MuiTypography-noWrap-155"
      >
        DogeCodes React Chat
      </h2>
    </div>
  </header>
  <div
    className="WelcomePage-content-99"
  >
    <div
      className="MuiPaper-root-110 MuiPaper-elevation2-114 MuiPaper-rounded-111 WelcomePage-authForm-100"
    >
      <header
        className="MuiPaper-root-110 MuiPaper-elevation4-116 MuiAppBar-root-102 MuiAppBar-positionStatic-106 MuiAppBar-colorDefault-107"
      >
        <div
          className="MuiTabs-root-163"
        >
          <div
            className="MuiTabs-flexContainer-164"
          >
            <div
              className="MuiTabs-scroller-165 MuiTabs-fixed-166"
              onScroll={[Function]}
              role="tablist"
              style={
                Object {
                  "marginBottom": 0,
                }
              }
            >
              <div
                className="MuiTabs-flexContainer-164"
              >
                <button
                  aria-selected={true}
                  className="MuiButtonBase-root-184 MuiTab-root-172 MuiTab-textColorInherit-174 MuiTab-selected-177 MuiTab-fullWidth-179"
                  disabled={false}
                  onBlur={[Function]}
                  onClick={[Function]}
                  onFocus={[Function]}
                  onKeyDown={[Function]}
                  onKeyUp={[Function]}
                  onMouseDown={[Function]}
                  onMouseLeave={[Function]}
                  onMouseUp={[Function]}
                  onTouchEnd={[Function]}
                  onTouchMove={[Function]}
                  onTouchStart={[Function]}
                  role="tab"
                  tabIndex="0"
                  type="button"
                >
                  <span
                    className="MuiTab-wrapper-180"
                  >
                    <span
                      className="MuiTab-labelContainer-181"
                    >
                      <span
                        className="MuiTab-label-182"
                      >
                        LOGIN
                      </span>
                    </span>
                  </span>
                  <span
                    className="MuiTouchRipple-root-190"
                  />
                </button>
                <button
                  aria-selected={false}
                  className="MuiButtonBase-root-184 MuiTab-root-172 MuiTab-textColorInherit-174 MuiTab-fullWidth-179"
                  disabled={false}
                  onBlur={[Function]}
                  onClick={[Function]}
                  onFocus={[Function]}
                  onKeyDown={[Function]}
                  onKeyUp={[Function]}
                  onMouseDown={[Function]}
                  onMouseLeave={[Function]}
                  onMouseUp={[Function]}
                  onTouchEnd={[Function]}
                  onTouchMove={[Function]}
                  onTouchStart={[Function]}
                  role="tab"
                  tabIndex="0"
                  type="button"
                >
                  <span
                    className="MuiTab-wrapper-180"
                  >
                    <span
                      className="MuiTab-labelContainer-181"
                    >
                      <span
                        className="MuiTab-label-182"
                      >
                        SIGN UP
                      </span>
                    </span>
                  </span>
                  <span
                    className="MuiTouchRipple-root-190"
                  />
                </button>
              </div>
              <span
                className="TabIndicator-root-187 TabIndicator-colorSecondary-189 MuiTabs-indicator-171"
                style={
                  Object {
                    "left": 0,
                    "width": 0,
                  }
                }
              />
            </div>
          </div>
        </div>
      </header>
      <div
        className="WelcomePage-tabWrapper-101"
      >
        LoginForm
      </div>
    </div>
  </div>
  ./ErrorMessage
</div>
`;
